<HTML>
<HEAD><TITLE>System Status</TITLE></HEAD>
<BODY bgcolor="#f8f0f0">
<HR>
This HTML page was generated by CGI-script <a href="./sysstat.txt">/cgi-bin/sysstat</a>.
<HR>

<H1 align="center">E M B L I N</H1>
<H2>System Status</H2>
<P>
<DL>
<DT><B>Version</B><DD><pre>
Linux version 2.0.35 (root@luc.dobit.com) (gcc version 2.7.2.3) #1 Thu Feb 10 14:12:29 GMT 2000
</pre><DT><B>Cpu Info</B><DD><pre>
processor	: 0
cpu		: 386
model		: unknown
vendor_id	: unknown
stepping	: unknown
fdiv_bug	: no
hlt_bug		: no
f00f_bug	: no
fpu		: no
fpu_exception	: no
cpuid		: no
wp		: no
flags		:
bogomips	: 7.14
</pre><DT><B>Proces Status</B><DD><pre>
1	S	(init)	init
129	S	(init)	init
13	S	(update)	update
130	S	(nc)	nc-l-p23-e/bin/login
131	S	(nc)	nc-l-p21-e/sbin/in.ftpd
132	S	(nc)	nc-l-u-p69-e/sbin/in.tftpd
135	S	(mhttpd)	/sbin/mhttpd
14	S	(cat)	cat/proc/kmsg
190	S	(init)	init
2	S	(kflushd)	
220	R	(sysstat)	sh/usr/local/etc/mhttpd/cgi-bin/sysstat
3	S	(kswapd)	
</pre><DT><B>Meminfo</B><DD><pre>
        total:    used:    free:  shared: buffers:  cached:
Mem:  15249408  9437184  5812224  2392064  5246976  1130496
Swap:        0        0        0
MemTotal:     14892 kB
MemFree:       5676 kB
MemShared:     2336 kB
Buffers:       5124 kB
Cached:        1104 kB
SwapTotal:        0 kB
SwapFree:         0 kB
</pre><DT><B>Disk Usage</B><DD><pre>
Filesystem         1024-blocks  Used Available Capacity Mounted on
/dev/ram                4049    2345     1704     58%   /
/dev/fla1               3924    2288     1636     58%   /dos
</pre><DT><B>Date</B><DD><pre>
Fri Feb 11 17:18:28 2000

</pre><DT><B>Uptime</B><DD><pre>
5460.50 5331.71
</pre><DT><B>Loadavg</B><DD><pre>
0.15 0.03 0.01 2/16 243
</pre></DL>
<HR>
</BODY>
</HTML>
